---
source: crates/anvil-tui/src/surfaces/gate/render.rs
expression: buffer_to_string(&buf)
---
x Gate default  Score: 45%  3200ms                                              
1 passed  1 failed  1 warnings  0 skipped  filter: failed                       
                                                                                
┌ Checks ──────────────────────────────┐┌ Secret scan ─────────────────────────┐
│>> x Secret scan  0% [+]              ││Status:  x FAIL                       │
│                                      ││Score:   0%                           │
│                                      ││ID:      secret-scan                  │
│                                      ││                                      │
│                                      ││Message: API key detected             │
│                                      ││File:    src/config.ts:15             │
│                                      ││                                      │
│                                      ││Details:                              │
│                                      ││  Line 15: AWS_SECRET_KEY=...         │
│                                      ││                                      │
│                                      ││                                      │
│                                      ││                                      │
│                                      ││                                      │
│                                      ││                                      │
│                                      ││                                      │
│                                      ││                                      │
│                                      ││                                      │
│                                      ││                                      │
│                                      ││                                      │
└──────────────────────────────────────┘└──────────────────────────────────────┘
