---
source: crates/anvil-tui/src/surfaces/tutorial/render.rs
expression: "crate::test_utils::snapshot::buffer_to_string(&buf)"
---
[[fg:#D95A00,bold]‡[fg:#D95A00,bold]][fg:#D95A00,bold] a[fg:#D95A00,bold]n[fg:#D95A00,bold]v[fg:#D95A00,bold]i[fg:#D95A00,bold]l[fg:#D95A00,bold] [fg:#85858A]>[fg:#85858A] [fg:#85858A]T[fg:#EBEBEB]u[fg:#EBEBEB]t[fg:#EBEBEB]o[fg:#EBEBEB]r[fg:#EBEBEB]i[fg:#EBEBEB]a[fg:#EBEBEB]l[fg:#EBEBEB]
                    
  ┌[fg:#D95A00] [fg:#D95A00]C[fg:#D95A00]h[fg:#D95A00]o[fg:#D95A00]o[fg:#D95A00]s[fg:#D95A00]e[fg:#D95A00] [fg:#D95A00]a[fg:#D95A00] [fg:#D95A00]L[fg:#D95A00]e[fg:#D95A00]a[fg:#D95A00]r[fg:#D95A00]┐[fg:#D95A00]  
  │[fg:#D95A00]              │[fg:#D95A00]  
  │[fg:#D95A00] >[fg:#D95A00,bold]>[fg:#D95A00,bold] [fg:#D95A00,bold]a[fg:#D95A00,bold]n[fg:#D95A00,bold]v[fg:#D95A00,bold]i[fg:#D95A00,bold]l[fg:#D95A00,bold]'[fg:#D95A00,bold]s[fg:#D95A00,bold]   │[fg:#D95A00]  
  │[fg:#D95A00] p[fg:#D95A00,bold]r[fg:#D95A00,bold]o[fg:#D95A00,bold]t[fg:#D95A00,bold]e[fg:#D95A00,bold]c[fg:#D95A00,bold]t[fg:#D95A00,bold]i[fg:#D95A00,bold]o[fg:#D95A00,bold]n[fg:#D95A00,bold]   │[fg:#D95A00]  
  │[fg:#D95A00] l[fg:#D95A00,bold]o[fg:#D95A00,bold]o[fg:#D95A00,bold]p[fg:#D95A00,bold]         │[fg:#D95A00]  
  │[fg:#D95A00]              │[fg:#D95A00]  
  └[fg:#D95A00]─[fg:#D95A00]─[fg:#D95A00]─[fg:#D95A00]─[fg:#D95A00]─[fg:#D95A00]─[fg:#D95A00]─[fg:#D95A00]─[fg:#D95A00]─[fg:#D95A00]─[fg:#D95A00]─[fg:#D95A00]─[fg:#D95A00]─[fg:#D95A00]─[fg:#D95A00]┘[fg:#D95A00]  
[[fg:#85858A]‡[fg:#85858A]][fg:#85858A] [fg:#85858A]a[fg:#85858A] [fg:#85858A]n[fg:#85858A] [fg:#85858A]v[fg:#85858A] [fg:#85858A]i[fg:#85858A] [fg:#85858A]l[fg:#85858A] [fg:#85858A] [fg:#85858A]v[fg:#85858A]X[fg:#85858A].[fg:#85858A]Y[fg:#85858A].[fg:#85858A]
