---
source: crates/anvil-tui/src/surfaces/tutorial/render.rs
assertion_line: 1033
expression: "crate::test_utils::snapshot::buffer_to_string(&buf)"
---
[[fg:#CC5500,bold]‡[fg:#CC5500,bold]][fg:#CC5500,bold] a[fg:#CC5500,bold]n[fg:#CC5500,bold]v[fg:#CC5500,bold]i[fg:#CC5500,bold]l[fg:#CC5500,bold] [fg:#85858A]>[fg:#85858A] [fg:#85858A]T[fg:#EBEBEB]u[fg:#EBEBEB]t[fg:#EBEBEB]o[fg:#EBEBEB]r[fg:#EBEBEB]i[fg:#EBEBEB]a[fg:#EBEBEB]l[fg:#EBEBEB]                                                            
                                                                                
  ┌[fg:#2E8B57] [fg:#2E8B57]W[fg:#2E8B57]e[fg:#2E8B57]l[fg:#2E8B57]l[fg:#2E8B57] [fg:#2E8B57]D[fg:#2E8B57]o[fg:#2E8B57]n[fg:#2E8B57]e[fg:#2E8B57] [fg:#2E8B57]─[fg:#2E8B57]─[fg:#2E8B57]─[fg:#2E8B57]─[fg:#2E8B57]─[fg:#2E8B57]─[fg:#2E8B57]─[fg:#2E8B57]─[fg:#2E8B57]─[fg:#2E8B57]─[fg:#2E8B57]─[fg:#2E8B57]─[fg:#2E8B57]─[fg:#2E8B57]─[fg:#2E8B57]─[fg:#2E8B57]─[fg:#2E8B57]─[fg:#2E8B57]─[fg:#2E8B57]─[fg:#2E8B57]─[fg:#2E8B57]─[fg:#2E8B57]─[fg:#2E8B57]─[fg:#2E8B57]─[fg:#2E8B57]─[fg:#2E8B57]─[fg:#2E8B57]─[fg:#2E8B57]─[fg:#2E8B57]─[fg:#2E8B57]─[fg:#2E8B57]─[fg:#2E8B57]─[fg:#2E8B57]─[fg:#2E8B57]─[fg:#2E8B57]─[fg:#2E8B57]─[fg:#2E8B57]─[fg:#2E8B57]─[fg:#2E8B57]─[fg:#2E8B57]─[fg:#2E8B57]─[fg:#2E8B57]─[fg:#2E8B57]─[fg:#2E8B57]─[fg:#2E8B57]─[fg:#2E8B57]─[fg:#2E8B57]─[fg:#2E8B57]─[fg:#2E8B57]─[fg:#2E8B57]─[fg:#2E8B57]─[fg:#2E8B57]─[fg:#2E8B57]─[fg:#2E8B57]─[fg:#2E8B57]─[fg:#2E8B57]─[fg:#2E8B57]─[fg:#2E8B57]─[fg:#2E8B57]─[fg:#2E8B57]─[fg:#2E8B57]─[fg:#2E8B57]─[fg:#2E8B57]─[fg:#2E8B57]┐[fg:#2E8B57]  
  │[fg:#2E8B57]                                                                          │[fg:#2E8B57]  
  │[fg:#2E8B57]  ✓[fg:#2E8B57,bold] [fg:#2E8B57,bold] [fg:#2E8B57,bold]G[fg:#2E8B57,bold]r[fg:#2E8B57,bold]e[fg:#2E8B57,bold]a[fg:#2E8B57,bold]t[fg:#2E8B57,bold] [fg:#2E8B57,bold]w[fg:#2E8B57,bold]o[fg:#2E8B57,bold]r[fg:#2E8B57,bold]k[fg:#2E8B57,bold]![fg:#2E8B57,bold]                                                          │[fg:#2E8B57]  
  │[fg:#2E8B57]                                                                          │[fg:#2E8B57]  
  │[fg:#2E8B57]  Y[fg:#EBEBEB]o[fg:#EBEBEB]u[fg:#EBEBEB] [fg:#EBEBEB]f[fg:#EBEBEB]i[fg:#EBEBEB]n[fg:#EBEBEB]i[fg:#EBEBEB]s[fg:#EBEBEB]h[fg:#EBEBEB]e[fg:#EBEBEB]d[fg:#EBEBEB] [fg:#EBEBEB]a[fg:#EBEBEB]l[fg:#EBEBEB]l[fg:#EBEBEB] [fg:#EBEBEB]6[fg:#EBEBEB] [fg:#EBEBEB]s[fg:#EBEBEB]t[fg:#EBEBEB]e[fg:#EBEBEB]p[fg:#EBEBEB]s[fg:#EBEBEB] [fg:#EBEBEB]o[fg:#EBEBEB]f[fg:#EBEBEB] [fg:#EBEBEB]t[fg:#EBEBEB]h[fg:#EBEBEB]e[fg:#EBEBEB] [fg:#EBEBEB]C[fg:#EBEBEB]o[fg:#EBEBEB]n[fg:#EBEBEB]f[fg:#EBEBEB]i[fg:#EBEBEB]g[fg:#EBEBEB]u[fg:#EBEBEB]r[fg:#EBEBEB]a[fg:#EBEBEB]t[fg:#EBEBEB]i[fg:#EBEBEB]o[fg:#EBEBEB]n[fg:#EBEBEB] [fg:#EBEBEB]d[fg:#EBEBEB]r[fg:#EBEBEB]i[fg:#EBEBEB]f[fg:#EBEBEB]t[fg:#EBEBEB] [fg:#EBEBEB]t[fg:#EBEBEB]u[fg:#EBEBEB]t[fg:#EBEBEB]o[fg:#EBEBEB]r[fg:#EBEBEB]i[fg:#EBEBEB]a[fg:#EBEBEB]l[fg:#EBEBEB].[fg:#EBEBEB]           │[fg:#2E8B57]  
  │[fg:#2E8B57]                                                                          │[fg:#2E8B57]  
  │[fg:#2E8B57]  P[fg:#85858A]r[fg:#85858A]o[fg:#85858A]g[fg:#85858A]r[fg:#85858A]e[fg:#85858A]s[fg:#85858A]s[fg:#85858A]:[fg:#85858A] [fg:#85858A]6[fg:#85858A] [fg:#85858A]o[fg:#85858A]f[fg:#85858A] [fg:#85858A]6[fg:#85858A] [fg:#85858A]p[fg:#85858A]a[fg:#85858A]t[fg:#85858A]h[fg:#85858A]s[fg:#85858A] [fg:#85858A] [fg:#85858A]                                                │[fg:#2E8B57]  
  │[fg:#2E8B57]  ●[fg:#2E8B57] [fg:#85858A] [fg:#85858A]●[fg:#2E8B57] [fg:#85858A] [fg:#85858A]●[fg:#2E8B57] [fg:#85858A] [fg:#85858A]●[fg:#2E8B57] [fg:#85858A] [fg:#85858A]●[fg:#2E8B57] [fg:#85858A] [fg:#85858A]●[fg:#2E8B57]                                                        │[fg:#2E8B57]  
  │[fg:#2E8B57]                                                                          │[fg:#2E8B57]  
  │[fg:#2E8B57]  Y[fg:#CC5500,bold]o[fg:#CC5500,bold]u[fg:#CC5500,bold]'[fg:#CC5500,bold]v[fg:#CC5500,bold]e[fg:#CC5500,bold] [fg:#CC5500,bold]c[fg:#CC5500,bold]o[fg:#CC5500,bold]m[fg:#CC5500,bold]p[fg:#CC5500,bold]l[fg:#CC5500,bold]e[fg:#CC5500,bold]t[fg:#CC5500,bold]e[fg:#CC5500,bold]d[fg:#CC5500,bold] [fg:#CC5500,bold]e[fg:#CC5500,bold]v[fg:#CC5500,bold]e[fg:#CC5500,bold]r[fg:#CC5500,bold]y[fg:#CC5500,bold] [fg:#CC5500,bold]t[fg:#CC5500,bold]u[fg:#CC5500,bold]t[fg:#CC5500,bold]o[fg:#CC5500,bold]r[fg:#CC5500,bold]i[fg:#CC5500,bold]a[fg:#CC5500,bold]l[fg:#CC5500,bold] [fg:#CC5500,bold]p[fg:#CC5500,bold]a[fg:#CC5500,bold]t[fg:#CC5500,bold]h[fg:#CC5500,bold].[fg:#CC5500,bold] [fg:#CC5500,bold]N[fg:#CC5500,bold]i[fg:#CC5500,bold]c[fg:#CC5500,bold]e[fg:#CC5500,bold].[fg:#CC5500,bold]                             │[fg:#2E8B57]  
  │[fg:#2E8B57]                                                                          │[fg:#2E8B57]  
  │[fg:#2E8B57]  [[fg:#CC5500,bold]e[fg:#CC5500,bold]n[fg:#CC5500,bold]t[fg:#CC5500,bold]e[fg:#CC5500,bold]r[fg:#CC5500,bold]][fg:#CC5500,bold] [fg:#CC5500,bold]b[fg:#EBEBEB]a[fg:#EBEBEB]c[fg:#EBEBEB]k[fg:#EBEBEB] [fg:#EBEBEB]t[fg:#EBEBEB]o[fg:#EBEBEB] [fg:#EBEBEB]p[fg:#EBEBEB]a[fg:#EBEBEB]t[fg:#EBEBEB]h[fg:#EBEBEB]s[fg:#EBEBEB] [fg:#EBEBEB] [fg:#EBEBEB] [fg:#EBEBEB][[fg:#CC5500,bold]q[fg:#CC5500,bold]][fg:#CC5500,bold] [fg:#CC5500,bold]q[fg:#EBEBEB]u[fg:#EBEBEB]i[fg:#EBEBEB]t[fg:#EBEBEB]                                        │[fg:#2E8B57]  
  │[fg:#2E8B57]                                                                          │[fg:#2E8B57]  
  │[fg:#2E8B57]                                                                          │[fg:#2E8B57]  
  │[fg:#2E8B57]                                                                          │[fg:#2E8B57]  
  │[fg:#2E8B57]                                                                          │[fg:#2E8B57]  
  └[fg:#2E8B57]─[fg:#2E8B57]─[fg:#2E8B57]─[fg:#2E8B57]─[fg:#2E8B57]─[fg:#2E8B57]─[fg:#2E8B57]─[fg:#2E8B57]─[fg:#2E8B57]─[fg:#2E8B57]─[fg:#2E8B57]─[fg:#2E8B57]─[fg:#2E8B57]─[fg:#2E8B57]─[fg:#2E8B57]─[fg:#2E8B57]─[fg:#2E8B57]─[fg:#2E8B57]─[fg:#2E8B57]─[fg:#2E8B57]─[fg:#2E8B57]─[fg:#2E8B57]─[fg:#2E8B57]─[fg:#2E8B57]─[fg:#2E8B57]─[fg:#2E8B57]─[fg:#2E8B57]─[fg:#2E8B57]─[fg:#2E8B57]─[fg:#2E8B57]─[fg:#2E8B57]─[fg:#2E8B57]─[fg:#2E8B57]─[fg:#2E8B57]─[fg:#2E8B57]─[fg:#2E8B57]─[fg:#2E8B57]─[fg:#2E8B57]─[fg:#2E8B57]─[fg:#2E8B57]─[fg:#2E8B57]─[fg:#2E8B57]─[fg:#2E8B57]─[fg:#2E8B57]─[fg:#2E8B57]─[fg:#2E8B57]─[fg:#2E8B57]─[fg:#2E8B57]─[fg:#2E8B57]─[fg:#2E8B57]─[fg:#2E8B57]─[fg:#2E8B57]─[fg:#2E8B57]─[fg:#2E8B57]─[fg:#2E8B57]─[fg:#2E8B57]─[fg:#2E8B57]─[fg:#2E8B57]─[fg:#2E8B57]─[fg:#2E8B57]─[fg:#2E8B57]─[fg:#2E8B57]─[fg:#2E8B57]─[fg:#2E8B57]─[fg:#2E8B57]─[fg:#2E8B57]─[fg:#2E8B57]─[fg:#2E8B57]─[fg:#2E8B57]─[fg:#2E8B57]─[fg:#2E8B57]─[fg:#2E8B57]─[fg:#2E8B57]─[fg:#2E8B57]─[fg:#2E8B57]┘[fg:#2E8B57]  
e[fg:#85858A]n[fg:#85858A]t[fg:#85858A]e[fg:#85858A]r[fg:#85858A] [fg:#85858A]c[fg:#85858A]h[fg:#85858A]o[fg:#85858A]o[fg:#85858A]s[fg:#85858A]e[fg:#85858A] [fg:#85858A]a[fg:#85858A]n[fg:#85858A]o[fg:#85858A]t[fg:#85858A]h[fg:#85858A]e[fg:#85858A]r[fg:#85858A] [fg:#85858A] [fg:#85858A]e[fg:#85858A]s[fg:#85858A]c[fg:#85858A] [fg:#85858A]b[fg:#85858A]a[fg:#85858A]c[fg:#85858A]k[fg:#85858A] [fg:#85858A] [fg:#85858A]q[fg:#85858A] [fg:#85858A]q[fg:#85858A]u[fg:#85858A]i[fg:#85858A]t[fg:#85858A]                     [[fg:#85858A]‡[fg:#85858A]][fg:#85858A] [fg:#85858A]a[fg:#85858A] [fg:#85858A]n[fg:#85858A] [fg:#85858A]v[fg:#85858A] [fg:#85858A]i[fg:#85858A] [fg:#85858A]l[fg:#85858A] [fg:#85858A] [fg:#85858A]v[fg:#85858A]X[fg:#85858A].[fg:#85858A]Y[fg:#85858A].[fg:#85858A]Z[fg:#85858A]
