---
source: crates/anvil-tui/src/surfaces/impact/render.rs
expression: draw(&state)
---
 [fg:#EBEBEB,bg:#0D0D0F]i[fg:#EBEBEB,bg:#0D0D0F]m[fg:#EBEBEB,bg:#0D0D0F]p[fg:#EBEBEB,bg:#0D0D0F]a[fg:#EBEBEB,bg:#0D0D0F]c[fg:#EBEBEB,bg:#0D0D0F]t[fg:#EBEBEB,bg:#0D0D0F] [fg:#EBEBEB,bg:#0D0D0F]·[fg:#85858A] [fg:#85858A]0[fg:#85858A] [fg:#85858A]c[fg:#85858A]r[fg:#85858A]a[fg:#85858A]t[fg:#85858A]e[fg:#85858A]s[fg:#85858A],[fg:#85858A] [fg:#85858A]0[fg:#85858A] [fg:#85858A]e[fg:#85858A]d[fg:#85858A]g[fg:#85858A]e[fg:#85858A]s[fg:#85858A] [fg:#85858A]                                                    
                                                                                
                                                                                
                                                                                
                                                                                
                                                                                
    ┌[fg:#2A2A2E]─[fg:#2A2A2E]─[fg:#2A2A2E]─[fg:#2A2A2E]─[fg:#2A2A2E]─[fg:#2A2A2E]─[fg:#2A2A2E]─[fg:#2A2A2E]─[fg:#2A2A2E]─[fg:#2A2A2E]─[fg:#2A2A2E]─[fg:#2A2A2E]─[fg:#2A2A2E]─[fg:#2A2A2E]─[fg:#2A2A2E]─[fg:#2A2A2E]─[fg:#2A2A2E]─[fg:#2A2A2E]─[fg:#2A2A2E]─[fg:#2A2A2E]─[fg:#2A2A2E]─[fg:#2A2A2E]─[fg:#2A2A2E]─[fg:#2A2A2E]─[fg:#2A2A2E]─[fg:#2A2A2E]─[fg:#2A2A2E]─[fg:#2A2A2E]─[fg:#2A2A2E]─[fg:#2A2A2E]─[fg:#2A2A2E]─[fg:#2A2A2E]─[fg:#2A2A2E]─[fg:#2A2A2E]─[fg:#2A2A2E]─[fg:#2A2A2E]─[fg:#2A2A2E]─[fg:#2A2A2E]─[fg:#2A2A2E]─[fg:#2A2A2E]─[fg:#2A2A2E]─[fg:#2A2A2E]─[fg:#2A2A2E]─[fg:#2A2A2E]─[fg:#2A2A2E]─[fg:#2A2A2E]─[fg:#2A2A2E]─[fg:#2A2A2E]─[fg:#2A2A2E]─[fg:#2A2A2E]─[fg:#2A2A2E]─[fg:#2A2A2E]─[fg:#2A2A2E]─[fg:#2A2A2E]─[fg:#2A2A2E]─[fg:#2A2A2E]─[fg:#2A2A2E]─[fg:#2A2A2E]─[fg:#2A2A2E]─[fg:#2A2A2E]─[fg:#2A2A2E]─[fg:#2A2A2E]─[fg:#2A2A2E]─[fg:#2A2A2E]─[fg:#2A2A2E]─[fg:#2A2A2E]─[fg:#2A2A2E]─[fg:#2A2A2E]─[fg:#2A2A2E]─[fg:#2A2A2E]─[fg:#2A2A2E]┐[fg:#2A2A2E]    
    │[fg:#2A2A2E]i[fg:#D08C38,bold]m[fg:#D08C38,bold]p[fg:#D08C38,bold]a[fg:#D08C38,bold]c[fg:#D08C38,bold]t[fg:#D08C38,bold] [fg:#D08C38,bold]v[fg:#D08C38,bold]i[fg:#D08C38,bold]e[fg:#D08C38,bold]w[fg:#D08C38,bold] [fg:#D08C38,bold]u[fg:#D08C38,bold]n[fg:#D08C38,bold]a[fg:#D08C38,bold]v[fg:#D08C38,bold]a[fg:#D08C38,bold]i[fg:#D08C38,bold]l[fg:#D08C38,bold]a[fg:#D08C38,bold]b[fg:#D08C38,bold]l[fg:#D08C38,bold]e[fg:#D08C38,bold]                                               │[fg:#2A2A2E]    
    │[fg:#2A2A2E]                                                                      │[fg:#2A2A2E]    
    │[fg:#2A2A2E]n[fg:#EBEBEB,bg:#0D0D0F]o[fg:#EBEBEB,bg:#0D0D0F] [fg:#EBEBEB,bg:#0D0D0F]w[fg:#EBEBEB,bg:#0D0D0F]a[fg:#EBEBEB,bg:#0D0D0F]r[fg:#EBEBEB,bg:#0D0D0F]m[fg:#EBEBEB,bg:#0D0D0F] [fg:#EBEBEB,bg:#0D0D0F]g[fg:#EBEBEB,bg:#0D0D0F]r[fg:#EBEBEB,bg:#0D0D0F]a[fg:#EBEBEB,bg:#0D0D0F]p[fg:#EBEBEB,bg:#0D0D0F]h[fg:#EBEBEB,bg:#0D0D0F] [fg:#EBEBEB,bg:#0D0D0F]s[fg:#EBEBEB,bg:#0D0D0F]n[fg:#EBEBEB,bg:#0D0D0F]a[fg:#EBEBEB,bg:#0D0D0F]p[fg:#EBEBEB,bg:#0D0D0F]s[fg:#EBEBEB,bg:#0D0D0F]h[fg:#EBEBEB,bg:#0D0D0F]o[fg:#EBEBEB,bg:#0D0D0F]t[fg:#EBEBEB,bg:#0D0D0F] [fg:#EBEBEB,bg:#0D0D0F]f[fg:#EBEBEB,bg:#0D0D0F]o[fg:#EBEBEB,bg:#0D0D0F]u[fg:#EBEBEB,bg:#0D0D0F]n[fg:#EBEBEB,bg:#0D0D0F]d[fg:#EBEBEB,bg:#0D0D0F] [fg:#EBEBEB,bg:#0D0D0F]f[fg:#EBEBEB,bg:#0D0D0F]o[fg:#EBEBEB,bg:#0D0D0F]r[fg:#EBEBEB,bg:#0D0D0F] [fg:#EBEBEB,bg:#0D0D0F]/[fg:#EBEBEB,bg:#0D0D0F]                                    │[fg:#2A2A2E]    
    │[fg:#2A2A2E]a[fg:#85858A] [fg:#85858A]w[fg:#85858A]a[fg:#85858A]r[fg:#85858A]m[fg:#85858A] [fg:#85858A]s[fg:#85858A]n[fg:#85858A]a[fg:#85858A]p[fg:#85858A]s[fg:#85858A]h[fg:#85858A]o[fg:#85858A]t[fg:#85858A] [fg:#85858A]a[fg:#85858A]p[fg:#85858A]p[fg:#85858A]e[fg:#85858A]a[fg:#85858A]r[fg:#85858A]s[fg:#85858A] [fg:#85858A]a[fg:#85858A]f[fg:#85858A]t[fg:#85858A]e[fg:#85858A]r[fg:#85858A] [fg:#85858A]t[fg:#85858A]h[fg:#85858A]e[fg:#85858A] [fg:#85858A]a[fg:#85858A]n[fg:#85858A]v[fg:#85858A]i[fg:#85858A]l[fg:#85858A] [fg:#85858A]d[fg:#85858A]a[fg:#85858A]e[fg:#85858A]m[fg:#85858A]o[fg:#85858A]n[fg:#85858A] [fg:#85858A]h[fg:#85858A]a[fg:#85858A]s[fg:#85858A] [fg:#85858A]s[fg:#85858A]c[fg:#85858A]a[fg:#85858A]n[fg:#85858A]n[fg:#85858A]e[fg:#85858A]d[fg:#85858A] [fg:#85858A]t[fg:#85858A]h[fg:#85858A]i[fg:#85858A]s[fg:#85858A] [fg:#85858A]r[fg:#85858A]e[fg:#85858A]p[fg:#85858A]o[fg:#85858A]  │[fg:#2A2A2E]    
    └[fg:#2A2A2E]─[fg:#2A2A2E]─[fg:#2A2A2E]─[fg:#2A2A2E]─[fg:#2A2A2E]─[fg:#2A2A2E]─[fg:#2A2A2E]─[fg:#2A2A2E]─[fg:#2A2A2E]─[fg:#2A2A2E]─[fg:#2A2A2E]─[fg:#2A2A2E]─[fg:#2A2A2E]─[fg:#2A2A2E]─[fg:#2A2A2E]─[fg:#2A2A2E]─[fg:#2A2A2E]─[fg:#2A2A2E]─[fg:#2A2A2E]─[fg:#2A2A2E]─[fg:#2A2A2E]─[fg:#2A2A2E]─[fg:#2A2A2E]─[fg:#2A2A2E]─[fg:#2A2A2E]─[fg:#2A2A2E]─[fg:#2A2A2E]─[fg:#2A2A2E]─[fg:#2A2A2E]─[fg:#2A2A2E]─[fg:#2A2A2E]─[fg:#2A2A2E]─[fg:#2A2A2E]─[fg:#2A2A2E]─[fg:#2A2A2E]─[fg:#2A2A2E]─[fg:#2A2A2E]─[fg:#2A2A2E]─[fg:#2A2A2E]─[fg:#2A2A2E]─[fg:#2A2A2E]─[fg:#2A2A2E]─[fg:#2A2A2E]─[fg:#2A2A2E]─[fg:#2A2A2E]─[fg:#2A2A2E]─[fg:#2A2A2E]─[fg:#2A2A2E]─[fg:#2A2A2E]─[fg:#2A2A2E]─[fg:#2A2A2E]─[fg:#2A2A2E]─[fg:#2A2A2E]─[fg:#2A2A2E]─[fg:#2A2A2E]─[fg:#2A2A2E]─[fg:#2A2A2E]─[fg:#2A2A2E]─[fg:#2A2A2E]─[fg:#2A2A2E]─[fg:#2A2A2E]─[fg:#2A2A2E]─[fg:#2A2A2E]─[fg:#2A2A2E]─[fg:#2A2A2E]─[fg:#2A2A2E]─[fg:#2A2A2E]─[fg:#2A2A2E]─[fg:#2A2A2E]─[fg:#2A2A2E]─[fg:#2A2A2E]┘[fg:#2A2A2E]
