---
source: crates/anvil-tui/src/surfaces/watch/render.rs
expression: buffer_to_string(&buf)
---
┌ Status ──────────────────────────────┐┌ Queue ───────────────────────────────┐
│                                      ││  src/main.rs  modified 10:30:01      │
│  * Passing                           ││  src/lib.rs  created 10:30:02        │
│                                      ││                                      │
│  128 files watched                   ││                                      │
│                                      ││                                      │
│                                      ││                                      │
│                                      ││                                      │
│                                      ││                                      │
│                                      ││                                      │
│                                      ││                                      │
└──────────────────────────────────────┘└──────────────────────────────────────┘
┌ History ─────────────────────────────┐┌ Stats ───────────────────────────────┐
│  * 5/5 checks  1200ms  10:29:50      ││  Total runs:   42                    │
│  x 3/5 checks  980ms  10:28:30       ││  Pass rate:    88%                   │
│                                      ││  Avg duration: 1050ms                │
│                                      ││  Files:        128                   │
│                                      ││                                      │
│                                      ││                                      │
│                                      ││                                      │
│                                      ││                                      │
│                                      ││                                      │
│                                      ││                                      │
└──────────────────────────────────────┘└──────────────────────────────────────┘
