---
source: crates/anvil-tui/src/surfaces/watch/render.rs
expression: buffer_to_string(&buf)
---
┌ Status ──────────────────────────────┐┌ Queue ───────────────────────────────┐
│                                      ││  No pending changes                  │
│  o Idle                              ││                                      │
│                                      ││                                      │
│  0 files watched                     ││                                      │
│                                      ││                                      │
│                                      ││                                      │
│                                      ││                                      │
│                                      ││                                      │
│                                      ││                                      │
│                                      ││                                      │
└──────────────────────────────────────┘└──────────────────────────────────────┘
┌ History ─────────────────────────────┐┌ Stats ───────────────────────────────┐
│  No runs yet                         ││  Total runs:   0                     │
│                                      ││  Pass rate:    0%                    │
│                                      ││  Avg duration: 0ms                   │
│                                      ││  Files:        0                     │
│                                      ││                                      │
│                                      ││                                      │
│                                      ││                                      │
│                                      ││                                      │
│                                      ││                                      │
│                                      ││                                      │
└──────────────────────────────────────┘└──────────────────────────────────────┘
