---
source: crates/anvil-tui/src/surfaces/audit/render.rs
expression: buffer_to_string(&buf)
---
┌ Project ─────────────────────────────────────────────────────────────────────┐
│Project:  test-project                                                        │
│Files:    42                                                                  │
│Issues:   1 critical  0 high  1 medium  0 low                                 │
│                                                                              │
└──────────────────────────────────────────────────────────────────────────────┘
┌ Current Issues ──────────────────────────────────────────────────────────────┐
│>> CRIT Hardcoded API key  src/config.ts:15                                   │
│  MED Cross-boundary import [fix]  src/utils/db.ts:3                          │
│                                                                              │
│                                                                              │
└──────────────────────────────────────────────────────────────────────────────┘
┌ Historical ──────────────────────────────────────────────────────────────────┐
│  2026-03-15  85%  5 issues                                                   │
│                                                                              │
│                                                                              │
│                                                                              │
└──────────────────────────────────────────────────────────────────────────────┘
┌ Next Steps ──────────────────────────────────────────────────────────────────┐
│  1. Fix critical security issue                                              │
│  2. Review boundary violations                                               │
│                                                                              │
│                                                                              │
└──────────────────────────────────────────────────────────────────────────────┘
