---
source: crates/anvil-tui/src/surfaces/welcome/render.rs
expression: "crate::test_utils::snapshot::buffer_to_string(&buf)"
---
[[fg:#CC5500,bold]‡[fg:#CC5500,bold]][fg:#CC5500,bold] a[fg:#CC5500,bold]n[fg:#CC5500,bold]v[fg:#CC5500,bold]i[fg:#CC5500,bold]l[fg:#CC5500,bold] [fg:#85858A]>[fg:#85858A] [fg:#85858A]W[fg:#EBEBEB]e[fg:#EBEBEB]l[fg:#EBEBEB]c[fg:#EBEBEB]o[fg:#EBEBEB]m[fg:#EBEBEB]e[fg:#EBEBEB]                                                             
                                                                                
                                                                                
                                                                                
    █[fg:#CC5500]█[fg:#CC5500]█[fg:#CC5500]█[fg:#CC5500] [fg:#CC5500] [fg:#CC5500] [fg:#CC5500] [fg:#CC5500] [fg:#CC5500] [fg:#CC5500] [fg:#CC5500] [fg:#CC5500] [fg:#CC5500]█[fg:#CC5500]█[fg:#CC5500]█[fg:#CC5500]█[fg:#CC5500]                                                           
    █[fg:#CC5500]█[fg:#CC5500] [fg:#CC5500] [fg:#CC5500] [fg:#CC5500] [fg:#CC5500] [fg:#CC5500] [fg:#CC5500] [fg:#CC5500] [fg:#CC5500] [fg:#CC5500] [fg:#CC5500] [fg:#CC5500] [fg:#CC5500] [fg:#CC5500]█[fg:#CC5500]█[fg:#CC5500]                                                           
    █[fg:#CC5500]█[fg:#CC5500] [fg:#CC5500] [fg:#CC5500]█[fg:#CC5500]█[fg:#CC5500]█[fg:#CC5500]█[fg:#CC5500]█[fg:#CC5500]█[fg:#CC5500]█[fg:#CC5500]█[fg:#CC5500]█[fg:#CC5500] [fg:#CC5500] [fg:#CC5500]█[fg:#CC5500]█[fg:#CC5500]                                                           
    █[fg:#CC5500]█[fg:#CC5500] [fg:#CC5500] [fg:#CC5500] [fg:#CC5500] [fg:#CC5500] [fg:#CC5500]█[fg:#CC5500]█[fg:#CC5500]█[fg:#CC5500] [fg:#CC5500] [fg:#CC5500] [fg:#CC5500] [fg:#CC5500] [fg:#CC5500]█[fg:#CC5500]█[fg:#CC5500] [fg:#CC5500] [fg:#CC5500] [fg:#CC5500]a[fg:#EBEBEB,bold] [fg:#EBEBEB,bold]n[fg:#EBEBEB,bold] [fg:#EBEBEB,bold]v[fg:#EBEBEB,bold] [fg:#EBEBEB,bold]i[fg:#EBEBEB,bold] [fg:#EBEBEB,bold]l[fg:#EBEBEB,bold]                                               
    █[fg:#CC5500]█[fg:#CC5500] [fg:#CC5500] [fg:#CC5500]█[fg:#CC5500]█[fg:#CC5500]█[fg:#CC5500]█[fg:#CC5500]█[fg:#CC5500]█[fg:#CC5500]█[fg:#CC5500]█[fg:#CC5500]█[fg:#CC5500] [fg:#CC5500] [fg:#CC5500]█[fg:#CC5500]█[fg:#CC5500]                                                           
    █[fg:#CC5500]█[fg:#CC5500] [fg:#CC5500] [fg:#CC5500] [fg:#CC5500] [fg:#CC5500] [fg:#CC5500] [fg:#CC5500] [fg:#CC5500] [fg:#CC5500] [fg:#CC5500] [fg:#CC5500] [fg:#CC5500] [fg:#CC5500] [fg:#CC5500]█[fg:#CC5500]█[fg:#CC5500]                                                           
    █[fg:#CC5500]█[fg:#CC5500]█[fg:#CC5500]█[fg:#CC5500] [fg:#CC5500] [fg:#CC5500] [fg:#CC5500] [fg:#CC5500] [fg:#CC5500] [fg:#CC5500] [fg:#CC5500] [fg:#CC5500] [fg:#CC5500]█[fg:#CC5500]█[fg:#CC5500]█[fg:#CC5500]█[fg:#CC5500]                                                           
                                                                                
     [fg:#CC5500,bold]▸[fg:#CC5500,bold] [fg:#CC5500,bold]R[fg:#CC5500,bold]e[fg:#CC5500,bold]v[fg:#CC5500,bold]i[fg:#CC5500,bold]e[fg:#CC5500,bold]w[fg:#CC5500,bold] [fg:#CC5500,bold]g[fg:#CC5500,bold]a[fg:#CC5500,bold]t[fg:#CC5500,bold]e[fg:#CC5500,bold] [fg:#CC5500,bold]d[fg:#CC5500,bold]e[fg:#CC5500,bold]c[fg:#CC5500,bold]i[fg:#CC5500,bold]s[fg:#CC5500,bold]i[fg:#CC5500,bold]o[fg:#CC5500,bold]n[fg:#CC5500,bold]                                                     
     [fg:#EBEBEB] [fg:#EBEBEB] [fg:#EBEBEB]W[fg:#EBEBEB]a[fg:#EBEBEB]t[fg:#EBEBEB]c[fg:#EBEBEB]h[fg:#EBEBEB] [fg:#EBEBEB]c[fg:#EBEBEB]h[fg:#EBEBEB]e[fg:#EBEBEB]c[fg:#EBEBEB]k[fg:#EBEBEB]s[fg:#EBEBEB] [fg:#EBEBEB]l[fg:#EBEBEB]i[fg:#EBEBEB]v[fg:#EBEBEB]e[fg:#EBEBEB]                                                        
     [fg:#EBEBEB] [fg:#EBEBEB] [fg:#EBEBEB]E[fg:#EBEBEB]x[fg:#EBEBEB]p[fg:#EBEBEB]l[fg:#EBEBEB]o[fg:#EBEBEB]r[fg:#EBEBEB]e[fg:#EBEBEB] [fg:#EBEBEB]p[fg:#EBEBEB]r[fg:#EBEBEB]o[fg:#EBEBEB]j[fg:#EBEBEB]e[fg:#EBEBEB]c[fg:#EBEBEB]t[fg:#EBEBEB] [fg:#EBEBEB]f[fg:#EBEBEB]i[fg:#EBEBEB]n[fg:#EBEBEB]d[fg:#EBEBEB]i[fg:#EBEBEB]n[fg:#EBEBEB]g[fg:#EBEBEB]s[fg:#EBEBEB]                                                 
     [fg:#EBEBEB] [fg:#EBEBEB] [fg:#EBEBEB]C[fg:#EBEBEB]h[fg:#EBEBEB]e[fg:#EBEBEB]c[fg:#EBEBEB]k[fg:#EBEBEB] [fg:#EBEBEB]s[fg:#EBEBEB]e[fg:#EBEBEB]t[fg:#EBEBEB]u[fg:#EBEBEB]p[fg:#EBEBEB] [fg:#EBEBEB]h[fg:#EBEBEB]e[fg:#EBEBEB]a[fg:#EBEBEB]l[fg:#EBEBEB]t[fg:#EBEBEB]h[fg:#EBEBEB]                                                       
     [fg:#EBEBEB] [fg:#EBEBEB] [fg:#EBEBEB]L[fg:#EBEBEB]e[fg:#EBEBEB]a[fg:#EBEBEB]r[fg:#EBEBEB]n[fg:#EBEBEB] [fg:#EBEBEB]t[fg:#EBEBEB]h[fg:#EBEBEB]e[fg:#EBEBEB] [fg:#EBEBEB]A[fg:#EBEBEB]n[fg:#EBEBEB]v[fg:#EBEBEB]i[fg:#EBEBEB]l[fg:#EBEBEB] [fg:#EBEBEB]m[fg:#EBEBEB]o[fg:#EBEBEB]d[fg:#EBEBEB]e[fg:#EBEBEB]l[fg:#EBEBEB]                                                    
     [fg:#EBEBEB] [fg:#EBEBEB] [fg:#EBEBEB]V[fg:#EBEBEB]i[fg:#EBEBEB]e[fg:#EBEBEB]w[fg:#EBEBEB] [fg:#EBEBEB]d[fg:#EBEBEB]o[fg:#EBEBEB]c[fg:#EBEBEB]u[fg:#EBEBEB]m[fg:#EBEBEB]e[fg:#EBEBEB]n[fg:#EBEBEB]t[fg:#EBEBEB]a[fg:#EBEBEB]t[fg:#EBEBEB]i[fg:#EBEBEB]o[fg:#EBEBEB]n[fg:#EBEBEB]                                                       
     [fg:#EBEBEB] [fg:#EBEBEB] [fg:#EBEBEB]R[fg:#EBEBEB]e[fg:#EBEBEB]s[fg:#EBEBEB]t[fg:#EBEBEB]a[fg:#EBEBEB]r[fg:#EBEBEB]t[fg:#EBEBEB] [fg:#EBEBEB]o[fg:#EBEBEB]n[fg:#EBEBEB]b[fg:#EBEBEB]o[fg:#EBEBEB]a[fg:#EBEBEB]r[fg:#EBEBEB]d[fg:#EBEBEB]i[fg:#EBEBEB]n[fg:#EBEBEB]g[fg:#EBEBEB]                                                       
                                                                                
                                                                                
                                                                                
                                                                                
j[fg:#85858A]/[fg:#85858A]k[fg:#85858A] [fg:#85858A]n[fg:#85858A]a[fg:#85858A]v[fg:#85858A]i[fg:#85858A]g[fg:#85858A]a[fg:#85858A]t[fg:#85858A]e[fg:#85858A] [fg:#85858A] [fg:#85858A]e[fg:#85858A]n[fg:#85858A]t[fg:#85858A]e[fg:#85858A]r[fg:#85858A] [fg:#85858A]s[fg:#85858A]e[fg:#85858A]l[fg:#85858A]e[fg:#85858A]c[fg:#85858A]t[fg:#85858A] [fg:#85858A] [fg:#85858A]e[fg:#85858A]s[fg:#85858A]c[fg:#85858A]/[fg:#85858A]q[fg:#85858A] [fg:#85858A]q[fg:#85858A]u[fg:#85858A]i[fg:#85858A]t[fg:#85858A]                [[fg:#85858A]‡[fg:#85858A]][fg:#85858A] [fg:#85858A]a[fg:#85858A] [fg:#85858A]n[fg:#85858A] [fg:#85858A]v[fg:#85858A] [fg:#85858A]i[fg:#85858A] [fg:#85858A]l[fg:#85858A] [fg:#85858A] [fg:#85858A]v[fg:#85858A]0[fg:#85858A].[fg:#85858A]7[fg:#85858A].[fg:#85858A]2[fg:#85858A]-[fg:#85858A]b[fg:#85858A]e[fg:#85858A]t[fg:#85858A]a[fg:#85858A]
