   Compiling cfg-if v1.0.4
   Compiling libc v0.2.186
   Compiling equivalent v1.0.2
   Compiling itoa v1.0.18
   Compiling bitflags v2.11.1
   Compiling smallvec v1.15.1
   Compiling log v0.4.29
   Compiling scopeguard v1.2.0
   Compiling foldhash v0.2.0
   Compiling unicode-width v0.2.2
   Compiling allocator-api2 v0.2.21
   Compiling either v1.15.0
   Compiling thiserror v2.0.18
   Compiling castaway v0.2.4
   Compiling static_assertions v1.1.0
   Compiling unicode-segmentation v1.13.2
   Compiling ryu v1.0.23
   Compiling strum v0.27.2
   Compiling lock_api v0.4.14
   Compiling linux-raw-sys v0.12.1
   Compiling powerfmt v0.2.0
   Compiling num-conv v0.2.1
   Compiling compact_str v0.9.0
   Compiling bytes v1.11.1
   Compiling itertools v0.14.0
   Compiling pin-project-lite v0.2.17
   Compiling num_threads v0.1.7
   Compiling deranged v0.5.8
   Compiling time-core v0.1.8
   Compiling workspace-hack v0.1.0 (/home/aneki/Projects/src/anvil-001/crates/workspace-hack)
   Compiling line-clipping v0.3.7
   Compiling derive_more v2.1.1
   Compiling once_cell v1.21.4
   Compiling hashbrown v0.17.0
   Compiling futures-sink v0.3.32
   Compiling memchr v2.8.0
   Compiling hashbrown v0.16.1
   Compiling futures-core v0.3.32
   Compiling utf8parse v0.2.2
   Compiling rand_core v0.10.1
   Compiling rustix v1.1.4
   Compiling tracing-core v0.1.36
   Compiling zerocopy v0.8.48
   Compiling slab v0.4.12
   Compiling futures-channel v0.3.32
   Compiling anstyle-parse v1.0.0
   Compiling zerocopy-derive v0.8.48
   Compiling fnv v1.0.7
   Compiling anstyle v1.0.14
   Compiling http v1.4.0
   Compiling tracing v0.1.44
   Compiling try-lock v0.2.5
   Compiling is_terminal_polyfill v1.70.2
   Compiling colorchoice v1.0.5
   Compiling anstyle-query v1.1.5
   Compiling atomic-waker v1.1.2
   Compiling want v0.3.1
   Compiling aho-corasick v1.1.4
   Compiling eddacraft-tui v0.2.2
   Compiling httparse v1.10.1
   Compiling anstream v1.0.0
   Compiling serde_core v1.0.228
   Compiling unicode-linebreak v0.1.5
   Compiling kasuari v0.4.12
   Compiling lru v0.16.4
   Compiling indexmap v2.14.0
   Compiling futures-io v0.3.32
   Compiling strsim v0.11.1
   Compiling smawk v0.3.2
   Compiling errno v0.3.14
   Compiling mio v1.2.0
   Compiling parking_lot_core v0.9.12
   Compiling time v0.3.47
   Compiling signal-hook-registry v1.4.8
   Compiling socket2 v0.6.3
   Compiling getrandom v0.4.2
   Compiling parking_lot v0.12.5
   Compiling signal-hook v0.3.18
   Compiling http-body v1.0.1
   Compiling unicode-truncate v2.0.1
   Compiling futures-task v0.3.32
   Compiling clap_lex v1.1.0
   Compiling signal-hook-mio v0.2.5
   Compiling ratatui-core v0.1.0
   Compiling tokio v1.52.1
   Compiling regex-syntax v0.8.10
   Compiling httpdate v1.0.3
   Compiling clap_builder v4.6.0
   Compiling futures-util v0.3.32
   Compiling textwrap v0.16.2
   Compiling memoffset v0.9.1
   Compiling zmij v1.0.21
   Compiling alloca v0.4.0
   Compiling percent-encoding v2.3.2
   Compiling ipnet v2.12.0
   Compiling ciborium-io v0.2.2
   Compiling plotters-backend v0.3.7
   Compiling tower-service v0.3.3
   Compiling crossterm v0.29.0
   Compiling base64 v0.22.1
   Compiling plotters-svg v0.3.7
   Compiling chacha20 v0.10.0
   Compiling nix v0.30.1
   Compiling eddacraft-anvil-kernel-types v0.6.0-beta (/home/aneki/Projects/src/anvil-001/crates/anvil-kernel-types)
   Compiling console v0.16.3
   Compiling num-traits v0.2.19
   Compiling crossbeam-utils v0.8.21
   Compiling itertools v0.13.0
   Compiling ratatui-widgets v0.3.0
   Compiling ratatui-crossterm v0.1.0
   Compiling serde v1.0.228
   Compiling serde_json v1.0.149
   Compiling cast v0.3.0
   Compiling cpufeatures v0.3.0
   Compiling regex-automata v0.4.14
   Compiling foldhash v0.1.5
   Compiling rand v0.10.1
   Compiling hashbrown v0.15.5
   Compiling plotters v0.3.7
   Compiling tinytemplate v1.2.1
   Compiling ratatui-macros v0.7.0
   Compiling ratatui v0.30.0
   Compiling animate-core v0.3.0
   Compiling clap v4.6.1
   Compiling criterion-plot v0.8.2
   Compiling page_size v0.6.0
   Compiling animate v0.3.0
   Compiling anes v0.1.6
   Compiling fixedbitset v0.5.7
   Compiling oorandom v11.1.5
   Compiling fastrand v2.4.1
   Compiling petgraph v0.8.3
   Compiling eddacraft-anvil-checks v0.6.0-beta (/home/aneki/Projects/src/anvil-001/crates/anvil-checks)
   Compiling anvil-bench v0.6.0-beta (/home/aneki/Projects/src/anvil-001/crates/anvil-bench)
   Compiling tempfile v3.27.0
   Compiling half v2.7.1
   Compiling ciborium-ll v0.2.2
   Compiling tokio-util v0.7.18
   Compiling ciborium v0.2.2
   Compiling regex v1.12.3
   Compiling h2 v0.4.13
   Compiling criterion v0.8.2
   Compiling hyper v1.9.0
   Compiling hyper-util v0.1.20
    Finished `bench` profile [optimized] target(s) in 34.92s
     Running unittests src/lib.rs (target/release/deps/anvil_bench-e5e45dd6483f25ec)

running 26 tests
test fixture::tests::cleanup_on_drop ... ignored
test fixture::tests::generates_correct_file_count ... ignored
test fixture::tests::generates_mixed_extensions ... ignored
test fixture::tests::into_path_prevents_cleanup ... ignored
test fixture::tests::presets_have_increasing_sizes ... ignored
test measure::tests::memory_guard_captures_delta ... ignored
test measure::tests::memory_snapshot_returns_nonzero_on_linux ... ignored
test measure::tests::parse_kb_value_handles_variants ... ignored
test measure::tests::time_iterations_counts_correctly ... ignored
test measure::tests::time_throughput_runs_for_minimum_duration ... ignored
test report::tests::add_timing_populates_metrics ... ignored
test report::tests::report_roundtrips_through_json ... ignored
test report::tests::scenario_result_serialises_to_json ... ignored
test report::tests::write_to_creates_file ... ignored
test scenarios::cold_start_scaling::tests::cold_start_reads_all_files ... ignored
test scenarios::cold_start_scaling::tests::scenario_produces_scaling_report ... ignored
test scenarios::graph_memory::tests::build_graph_creates_correct_counts ... ignored
test scenarios::graph_memory::tests::graph_scales_linearly_in_edges ... ignored
test scenarios::graph_memory::tests::scenario_produces_report ... ignored
test scenarios::incremental_throughput::tests::incremental_update_preserves_node_count ... ignored
test scenarios::incremental_throughput::tests::scenario_produces_throughput_metrics ... ignored
test scenarios::policy_scaling::tests::generated_rules_are_diverse ... ignored
test scenarios::policy_scaling::tests::rule_evaluation_matches_correctly ... ignored
test scenarios::policy_scaling::tests::scenario_produces_scaling_metrics ... ignored
test scenarios::watcher_saturation::tests::scenario_produces_report ... ignored
test scenarios::watcher_saturation::tests::write_flood_completes_all_writes ... ignored

test result: ok. 0 passed; 0 failed; 26 ignored; 0 measured; 0 filtered out; finished in 0.00s

     Running unittests src/main.rs (target/release/deps/anvil_bench-fcaab14a81b3157c)

running 0 tests

test result: ok. 0 passed; 0 failed; 0 ignored; 0 measured; 0 filtered out; finished in 0.00s

     Running benches/antipattern_scan.rs (target/release/deps/antipattern_scan-91f28caae922ed24)
Gnuplot not found, using plotters backend
Benchmarking antipattern_scan/parallel_mixed_corpus
Benchmarking antipattern_scan/parallel_mixed_corpus: Warming up for 3.0000 s
Benchmarking antipattern_scan/parallel_mixed_corpus: Collecting 30 samples in estimated 10.118 s (25k iterations)
Benchmarking antipattern_scan/parallel_mixed_corpus: Analyzing
antipattern_scan/parallel_mixed_corpus
                        time:   [364.92 µs 370.17 µs 379.82 µs]
                        thrpt:  [842.49 Kelem/s 864.48 Kelem/s 876.91 Kelem/s]
Found 3 outliers among 30 measurements (10.00%)
  3 (10.00%) high severe

     Running benches/secret_scan_parallel.rs (target/release/deps/secret_scan_parallel-1751d8f892f38e27)
Gnuplot not found, using plotters backend
Benchmarking scan/serial_baseline
Benchmarking scan/serial_baseline: Warming up for 3.0000 s

Warning: Unable to complete 10 samples in 15.0s. You may wish to increase target time to 58.2s.
Benchmarking scan/serial_baseline: Collecting 10 samples in estimated 58.201 s (10 iterations)
Benchmarking scan/serial_baseline: Analyzing
scan/serial_baseline    time:   [5.7160 s 5.7311 s 5.7528 s]
                        thrpt:  [521.48  elem/s 523.46  elem/s 524.84  elem/s]
Found 1 outliers among 10 measurements (10.00%)
  1 (10.00%) high severe
Benchmarking scan/parallel_rollout
Benchmarking scan/parallel_rollout: Warming up for 3.0000 s
Benchmarking scan/parallel_rollout: Collecting 10 samples in estimated 16.779 s (20 iterations)
Benchmarking scan/parallel_rollout: Analyzing
scan/parallel_rollout   time:   [791.42 ms 806.88 ms 832.44 ms]
                        thrpt:  [3.6039 Kelem/s 3.7180 Kelem/s 3.7907 Kelem/s]
Found 2 outliers among 10 measurements (20.00%)
  1 (10.00%) high mild
  1 (10.00%) high severe

     Running benches/stress.rs (target/release/deps/stress-1640cb02c013c5d3)
Gnuplot not found, using plotters backend
Benchmarking graph_memory/small_graph
Benchmarking graph_memory/small_graph: Warming up for 3.0000 s
Benchmarking graph_memory/small_graph: Collecting 10 samples in estimated 10.013 s (35k iterations)
Benchmarking graph_memory/small_graph: Analyzing
graph_memory/small_graph
                        time:   [277.77 µs 279.49 µs 283.16 µs]
Found 2 outliers among 10 measurements (20.00%)
  2 (20.00%) high severe

Benchmarking incremental_throughput/sustained_edits
Benchmarking incremental_throughput/sustained_edits: Warming up for 3.0000 s
Benchmarking incremental_throughput/sustained_edits: Collecting 10 samples in estimated 11.013 s (110 iterations)
Benchmarking incremental_throughput/sustained_edits: Analyzing
incremental_throughput/sustained_edits
                        time:   [100.10 ms 100.11 ms 100.11 ms]
Found 1 outliers among 10 measurements (10.00%)
  1 (10.00%) high mild

Benchmarking policy_scaling/rule_scaling
Benchmarking policy_scaling/rule_scaling: Warming up for 3.0000 s
Benchmarking policy_scaling/rule_scaling: Collecting 10 samples in estimated 10.006 s (89k iterations)
Benchmarking policy_scaling/rule_scaling: Analyzing
policy_scaling/rule_scaling
                        time:   [108.23 µs 108.69 µs 109.82 µs]
Found 1 outliers among 10 measurements (10.00%)
  1 (10.00%) high severe

Benchmarking cold_start/scaling
Benchmarking cold_start/scaling: Warming up for 3.0000 s
Benchmarking cold_start/scaling: Collecting 10 samples in estimated 15.133 s (4345 iterations)
Benchmarking cold_start/scaling: Analyzing
cold_start/scaling      time:   [3.4032 ms 3.4148 ms 3.4275 ms]
Found 2 outliers among 10 measurements (20.00%)
  1 (10.00%) high mild
  1 (10.00%) high severe

