---
source: crates/anvil-tui/src/surfaces/wizard/render.rs
expression: buffer_to_string(&buf)
---
Template > Name > Configure > Summary                                           
                                                                                
                                                                                
┌ Configure ───────────────────────────────────────────────────────────────────┐
│>> [x] Enable watch mode                                                      │
│   [ ] Install git hooks                                                      │
│                                                                              │
│                                                                              │
│                                                                              │
│                                                                              │
│                                                                              │
│                                                                              │
│                                                                              │
│                                                                              │
│                                                                              │
│                                                                              │
│                                                                              │
│                                                                              │
│                                                                              │
└──────────────────────────────────────────────────────────────────────────────┘
