---
source: crates/anvil-tui/src/surfaces/wizard/render.rs
expression: buffer_to_string(&buf)
---
Template > Name > Configure > Summary                                           
                                                                                
                                                                                
┌ Select a Template ───────────────────────────────────────────────────────────┐
│>> Basic  Minimal setup with core checks                                      │
│  Full  All checks, hooks, and watch mode                                     │
│                                                                              │
│                                                                              │
│                                                                              │
│                                                                              │
│                                                                              │
│                                                                              │
│                                                                              │
│                                                                              │
│                                                                              │
│                                                                              │
│                                                                              │
│                                                                              │
│                                                                              │
└──────────────────────────────────────────────────────────────────────────────┘
