---
source: crates/anvil-tui/src/surfaces/wizard/render.rs
expression: buffer_to_string(&buf)
---
Template > Name > Configure > Summary                                           
                                                                                
                                                                                
┌ Summary ─────────────────────────────────────────────────────────────────────┐
│Project:  my-project                                                          │
│Template: Basic                                                               │
│Watch:    enabled                                                             │
│Hooks:    disabled                                                            │
│                                                                              │
│Press enter to confirm and create the project                                 │
│                                                                              │
│                                                                              │
│                                                                              │
│                                                                              │
│                                                                              │
│                                                                              │
│                                                                              │
│                                                                              │
│                                                                              │
└──────────────────────────────────────────────────────────────────────────────┘
