---
source: crates/anvil-tui/src/surfaces/init/render.rs
expression: snapshot
---
[[fg:#CC5500,bold]‡[fg:#CC5500,bold]][fg:#CC5500,bold] a[fg:#CC5500,bold]n[fg:#CC5500,bold]v[fg:#CC5500,bold]i[fg:#CC5500,bold]l[fg:#CC5500,bold] [fg:#85858A]>[fg:#85858A] [fg:#85858A]I[fg:#EBEBEB]n[fg:#EBEBEB]i[fg:#EBEBEB]t[fg:#EBEBEB]

  M[fg:#2E8B57]o[fg:#2E8B57]d[fg:#2E8B57]e[fg:#2E8B57] [fg:#85858A]>[fg:#85858A] [fg:#85858A]F[fg:#CC5500,bold]o[fg:#CC5500,bold]r[fg:#CC5500,bold]m[fg:#CC5500,bold]a[fg:#CC5500,bold]t[fg:#CC5500,bold] [fg:#85858A]>[fg:#85858A] [fg:#85858A]D[fg:#85858A]i[fg:#85858A]r[fg:#85858A]e[fg:#85858A]c[fg:#85858A]t[fg:#85858A]o[fg:#85858A]r[fg:#85858A]y[fg:#85858A] [fg:#85858A]>[fg:#85858A] [fg:#85858A]C[fg:#85858A]h[fg:#85858A]e[fg:#85858A]c[fg:#85858A]k[fg:#85858A]s[fg:#85858A] [fg:#85858A]>[fg:#85858A] [fg:#85858A]S[fg:#85858A]u[fg:#85858A]m[fg:#85858A]m[fg:#85858A]a[fg:#85858A]r[fg:#85858A]y[fg:#85858A]


  ┌[fg:#CC5500] [fg:#CC5500]S[fg:#CC5500]e[fg:#CC5500]l[fg:#CC5500]e[fg:#CC5500]c[fg:#CC5500]t[fg:#CC5500] [fg:#CC5500]F[fg:#CC5500]o[fg:#CC5500]r[fg:#CC5500]m[fg:#CC5500]a[fg:#CC5500]t[fg:#CC5500] [fg:#CC5500]─[fg:#CC5500]─[fg:#CC5500]─[fg:#CC5500]─[fg:#CC5500]─[fg:#CC5500]─[fg:#CC5500]─[fg:#CC5500]─[fg:#CC5500]─[fg:#CC5500]─[fg:#CC5500]─[fg:#CC5500]─[fg:#CC5500]─[fg:#CC5500]─[fg:#CC5500]─[fg:#CC5500]─[fg:#CC5500]─[fg:#CC5500]─[fg:#CC5500]─[fg:#CC5500]─[fg:#CC5500]─[fg:#CC5500]─[fg:#CC5500]─[fg:#CC5500]─[fg:#CC5500]─[fg:#CC5500]─[fg:#CC5500]─[fg:#CC5500]─[fg:#CC5500]─[fg:#CC5500]─[fg:#CC5500]─[fg:#CC5500]─[fg:#CC5500]─[fg:#CC5500]─[fg:#CC5500]─[fg:#CC5500]─[fg:#CC5500]─[fg:#CC5500]─[fg:#CC5500]─[fg:#CC5500]─[fg:#CC5500]─[fg:#CC5500]─[fg:#CC5500]─[fg:#CC5500]─[fg:#CC5500]─[fg:#CC5500]─[fg:#CC5500]─[fg:#CC5500]─[fg:#CC5500]─[fg:#CC5500]─[fg:#CC5500]─[fg:#CC5500]─[fg:#CC5500]─[fg:#CC5500]─[fg:#CC5500]─[fg:#CC5500]─[fg:#CC5500]─[fg:#CC5500]─[fg:#CC5500]─[fg:#CC5500]┐[fg:#CC5500]
  │[fg:#CC5500]>[fg:#CC5500,bold]>[fg:#CC5500,bold] [fg:#CC5500,bold]Y[fg:#CC5500,bold]A[fg:#CC5500,bold]M[fg:#CC5500,bold]L[fg:#CC5500,bold] [fg:#CC5500,bold]([fg:#CC5500,bold].[fg:#CC5500,bold]a[fg:#CC5500,bold]n[fg:#CC5500,bold]v[fg:#CC5500,bold]i[fg:#CC5500,bold]l[fg:#CC5500,bold].[fg:#CC5500,bold]y[fg:#CC5500,bold]a[fg:#CC5500,bold]m[fg:#CC5500,bold]l[fg:#CC5500,bold])[fg:#CC5500,bold] [fg:#CC5500,bold]([fg:#CC5500,bold]d[fg:#CC5500,bold]e[fg:#CC5500,bold]f[fg:#CC5500,bold]a[fg:#CC5500,bold]u[fg:#CC5500,bold]l[fg:#CC5500,bold]t[fg:#CC5500,bold])[fg:#CC5500,bold]                                           │[fg:#CC5500]
  │[fg:#CC5500] [fg:#EBEBEB] [fg:#EBEBEB]J[fg:#EBEBEB]S[fg:#EBEBEB]O[fg:#EBEBEB]N[fg:#EBEBEB] [fg:#EBEBEB]([fg:#EBEBEB].[fg:#EBEBEB]a[fg:#EBEBEB]n[fg:#EBEBEB]v[fg:#EBEBEB]i[fg:#EBEBEB]l[fg:#EBEBEB].[fg:#EBEBEB]j[fg:#EBEBEB]s[fg:#EBEBEB]o[fg:#EBEBEB]n[fg:#EBEBEB])[fg:#EBEBEB]                                                      │[fg:#CC5500]
  │[fg:#CC5500] [fg:#EBEBEB] [fg:#EBEBEB]T[fg:#EBEBEB]O[fg:#EBEBEB]M[fg:#EBEBEB]L[fg:#EBEBEB] [fg:#EBEBEB]([fg:#EBEBEB].[fg:#EBEBEB]a[fg:#EBEBEB]n[fg:#EBEBEB]v[fg:#EBEBEB]i[fg:#EBEBEB]l[fg:#EBEBEB].[fg:#EBEBEB]t[fg:#EBEBEB]o[fg:#EBEBEB]m[fg:#EBEBEB]l[fg:#EBEBEB])[fg:#EBEBEB]                                                      │[fg:#CC5500]
  │[fg:#CC5500]                                                                          │[fg:#CC5500]
  │[fg:#CC5500]                                                                          │[fg:#CC5500]
  │[fg:#CC5500]                                                                          │[fg:#CC5500]
  │[fg:#CC5500]                                                                          │[fg:#CC5500]
  │[fg:#CC5500]                                                                          │[fg:#CC5500]
  │[fg:#CC5500]                                                                          │[fg:#CC5500]
  │[fg:#CC5500]                                                                          │[fg:#CC5500]
  │[fg:#CC5500]                                                                          │[fg:#CC5500]
  │[fg:#CC5500]                                                                          │[fg:#CC5500]
  └[fg:#CC5500]─[fg:#CC5500]─[fg:#CC5500]─[fg:#CC5500]─[fg:#CC5500]─[fg:#CC5500]─[fg:#CC5500]─[fg:#CC5500]─[fg:#CC5500]─[fg:#CC5500]─[fg:#CC5500]─[fg:#CC5500]─[fg:#CC5500]─[fg:#CC5500]─[fg:#CC5500]─[fg:#CC5500]─[fg:#CC5500]─[fg:#CC5500]─[fg:#CC5500]─[fg:#CC5500]─[fg:#CC5500]─[fg:#CC5500]─[fg:#CC5500]─[fg:#CC5500]─[fg:#CC5500]─[fg:#CC5500]─[fg:#CC5500]─[fg:#CC5500]─[fg:#CC5500]─[fg:#CC5500]─[fg:#CC5500]─[fg:#CC5500]─[fg:#CC5500]─[fg:#CC5500]─[fg:#CC5500]─[fg:#CC5500]─[fg:#CC5500]─[fg:#CC5500]─[fg:#CC5500]─[fg:#CC5500]─[fg:#CC5500]─[fg:#CC5500]─[fg:#CC5500]─[fg:#CC5500]─[fg:#CC5500]─[fg:#CC5500]─[fg:#CC5500]─[fg:#CC5500]─[fg:#CC5500]─[fg:#CC5500]─[fg:#CC5500]─[fg:#CC5500]─[fg:#CC5500]─[fg:#CC5500]─[fg:#CC5500]─[fg:#CC5500]─[fg:#CC5500]─[fg:#CC5500]─[fg:#CC5500]─[fg:#CC5500]─[fg:#CC5500]─[fg:#CC5500]─[fg:#CC5500]─[fg:#CC5500]─[fg:#CC5500]─[fg:#CC5500]─[fg:#CC5500]─[fg:#CC5500]─[fg:#CC5500]─[fg:#CC5500]─[fg:#CC5500]─[fg:#CC5500]─[fg:#CC5500]─[fg:#CC5500]─[fg:#CC5500]┘[fg:#CC5500]
j[fg:#85858A]/[fg:#85858A]k[fg:#85858A] [fg:#85858A]n[fg:#85858A]a[fg:#85858A]v[fg:#85858A]i[fg:#85858A]g[fg:#85858A]a[fg:#85858A]t[fg:#85858A]e[fg:#85858A] [fg:#85858A] [fg:#85858A]e[fg:#85858A]n[fg:#85858A]t[fg:#85858A]e[fg:#85858A]r[fg:#85858A] [fg:#85858A]s[fg:#85858A]e[fg:#85858A]l[fg:#85858A]e[fg:#85858A]c[fg:#85858A]t[fg:#85858A] [fg:#85858A] [fg:#85858A]e[fg:#85858A]s[fg:#85858A]c[fg:#85858A] [fg:#85858A]b[fg:#85858A]a[fg:#85858A]c[fg:#85858A]k[fg:#85858A] [fg:#85858A] [fg:#85858A]q[fg:#85858A] [fg:#85858A]q[fg:#85858A]u[fg:#85858A]i[fg:#85858A]t[fg:#85858A]          [[fg:#85858A]‡[fg:#85858A]][fg:#85858A] [fg:#85858A]a[fg:#85858A] [fg:#85858A]n[fg:#85858A] [fg:#85858A]v[fg:#85858A] [fg:#85858A]i[fg:#85858A] [fg:#85858A]l[fg:#85858A] [fg:#85858A] [fg:#85858A]v[fg:#85858A]0[fg:#85858A].[fg:#85858A]7[fg:#85858A].[fg:#85858A]2[fg:#85858A]-[fg:#85858A]b[fg:#85858A]e[fg:#85858A]t[fg:#85858A]a[fg:#85858A]
