---
source: crates/anvil-tui/src/surfaces/init/render.rs
expression: snapshot
---
[[fg:#D95A00,bold]‡[fg:#D95A00,bold]][fg:#D95A00,bold] a[fg:#D95A00,bold]n[fg:#D95A00,bold]v[fg:#D95A00,bold]i[fg:#D95A00,bold]l[fg:#D95A00,bold] [fg:#85858A]>[fg:#85858A] [fg:#85858A]I[fg:#EBEBEB]n[fg:#EBEBEB]i[fg:#EBEBEB]t[fg:#EBEBEB]

  M[fg:#2E8B57]o[fg:#2E8B57]d[fg:#2E8B57]e[fg:#2E8B57] [fg:#85858A]>[fg:#85858A] [fg:#85858A]F[fg:#D95A00,bold]o[fg:#D95A00,bold]r[fg:#D95A00,bold]m[fg:#D95A00,bold]a[fg:#D95A00,bold]t[fg:#D95A00,bold] [fg:#85858A]>[fg:#85858A] [fg:#85858A]D[fg:#85858A]i[fg:#85858A]r[fg:#85858A]e[fg:#85858A]c[fg:#85858A]t[fg:#85858A]o[fg:#85858A]r[fg:#85858A]y[fg:#85858A] [fg:#85858A]>[fg:#85858A] [fg:#85858A]C[fg:#85858A]h[fg:#85858A]e[fg:#85858A]c[fg:#85858A]k[fg:#85858A]s[fg:#85858A] [fg:#85858A]>[fg:#85858A] [fg:#85858A]S[fg:#85858A]u[fg:#85858A]m[fg:#85858A]m[fg:#85858A]a[fg:#85858A]r[fg:#85858A]y[fg:#85858A]


  ┌[fg:#D95A00] [fg:#D95A00]S[fg:#D95A00]e[fg:#D95A00]l[fg:#D95A00]e[fg:#D95A00]c[fg:#D95A00]t[fg:#D95A00] [fg:#D95A00]F[fg:#D95A00]o[fg:#D95A00]r[fg:#D95A00]m[fg:#D95A00]a[fg:#D95A00]t[fg:#D95A00] [fg:#D95A00]─[fg:#D95A00]─[fg:#D95A00]─[fg:#D95A00]─[fg:#D95A00]─[fg:#D95A00]─[fg:#D95A00]─[fg:#D95A00]─[fg:#D95A00]─[fg:#D95A00]─[fg:#D95A00]─[fg:#D95A00]─[fg:#D95A00]─[fg:#D95A00]─[fg:#D95A00]─[fg:#D95A00]─[fg:#D95A00]─[fg:#D95A00]─[fg:#D95A00]─[fg:#D95A00]─[fg:#D95A00]─[fg:#D95A00]─[fg:#D95A00]─[fg:#D95A00]─[fg:#D95A00]─[fg:#D95A00]─[fg:#D95A00]─[fg:#D95A00]─[fg:#D95A00]─[fg:#D95A00]─[fg:#D95A00]─[fg:#D95A00]─[fg:#D95A00]─[fg:#D95A00]─[fg:#D95A00]─[fg:#D95A00]─[fg:#D95A00]─[fg:#D95A00]─[fg:#D95A00]─[fg:#D95A00]─[fg:#D95A00]─[fg:#D95A00]─[fg:#D95A00]─[fg:#D95A00]─[fg:#D95A00]─[fg:#D95A00]─[fg:#D95A00]─[fg:#D95A00]─[fg:#D95A00]─[fg:#D95A00]─[fg:#D95A00]─[fg:#D95A00]─[fg:#D95A00]─[fg:#D95A00]─[fg:#D95A00]─[fg:#D95A00]─[fg:#D95A00]─[fg:#D95A00]─[fg:#D95A00]─[fg:#D95A00]┐[fg:#D95A00]
  │[fg:#D95A00]>[fg:#D95A00,bold]>[fg:#D95A00,bold] [fg:#D95A00,bold]Y[fg:#D95A00,bold]A[fg:#D95A00,bold]M[fg:#D95A00,bold]L[fg:#D95A00,bold] [fg:#D95A00,bold]([fg:#D95A00,bold].[fg:#D95A00,bold]a[fg:#D95A00,bold]n[fg:#D95A00,bold]v[fg:#D95A00,bold]i[fg:#D95A00,bold]l[fg:#D95A00,bold].[fg:#D95A00,bold]y[fg:#D95A00,bold]a[fg:#D95A00,bold]m[fg:#D95A00,bold]l[fg:#D95A00,bold])[fg:#D95A00,bold] [fg:#D95A00,bold]([fg:#D95A00,bold]d[fg:#D95A00,bold]e[fg:#D95A00,bold]f[fg:#D95A00,bold]a[fg:#D95A00,bold]u[fg:#D95A00,bold]l[fg:#D95A00,bold]t[fg:#D95A00,bold])[fg:#D95A00,bold]                                           │[fg:#D95A00]
  │[fg:#D95A00] [fg:#EBEBEB] [fg:#EBEBEB]J[fg:#EBEBEB]S[fg:#EBEBEB]O[fg:#EBEBEB]N[fg:#EBEBEB] [fg:#EBEBEB]([fg:#EBEBEB].[fg:#EBEBEB]a[fg:#EBEBEB]n[fg:#EBEBEB]v[fg:#EBEBEB]i[fg:#EBEBEB]l[fg:#EBEBEB].[fg:#EBEBEB]j[fg:#EBEBEB]s[fg:#EBEBEB]o[fg:#EBEBEB]n[fg:#EBEBEB])[fg:#EBEBEB]                                                      │[fg:#D95A00]
  │[fg:#D95A00] [fg:#EBEBEB] [fg:#EBEBEB]T[fg:#EBEBEB]O[fg:#EBEBEB]M[fg:#EBEBEB]L[fg:#EBEBEB] [fg:#EBEBEB]([fg:#EBEBEB].[fg:#EBEBEB]a[fg:#EBEBEB]n[fg:#EBEBEB]v[fg:#EBEBEB]i[fg:#EBEBEB]l[fg:#EBEBEB].[fg:#EBEBEB]t[fg:#EBEBEB]o[fg:#EBEBEB]m[fg:#EBEBEB]l[fg:#EBEBEB])[fg:#EBEBEB]                                                      │[fg:#D95A00]
  │[fg:#D95A00]                                                                          │[fg:#D95A00]
  │[fg:#D95A00]                                                                          │[fg:#D95A00]
  │[fg:#D95A00]                                                                          │[fg:#D95A00]
  │[fg:#D95A00]                                                                          │[fg:#D95A00]
  │[fg:#D95A00]                                                                          │[fg:#D95A00]
  │[fg:#D95A00]                                                                          │[fg:#D95A00]
  │[fg:#D95A00]                                                                          │[fg:#D95A00]
  │[fg:#D95A00]                                                                          │[fg:#D95A00]
  │[fg:#D95A00]                                                                          │[fg:#D95A00]
  └[fg:#D95A00]─[fg:#D95A00]─[fg:#D95A00]─[fg:#D95A00]─[fg:#D95A00]─[fg:#D95A00]─[fg:#D95A00]─[fg:#D95A00]─[fg:#D95A00]─[fg:#D95A00]─[fg:#D95A00]─[fg:#D95A00]─[fg:#D95A00]─[fg:#D95A00]─[fg:#D95A00]─[fg:#D95A00]─[fg:#D95A00]─[fg:#D95A00]─[fg:#D95A00]─[fg:#D95A00]─[fg:#D95A00]─[fg:#D95A00]─[fg:#D95A00]─[fg:#D95A00]─[fg:#D95A00]─[fg:#D95A00]─[fg:#D95A00]─[fg:#D95A00]─[fg:#D95A00]─[fg:#D95A00]─[fg:#D95A00]─[fg:#D95A00]─[fg:#D95A00]─[fg:#D95A00]─[fg:#D95A00]─[fg:#D95A00]─[fg:#D95A00]─[fg:#D95A00]─[fg:#D95A00]─[fg:#D95A00]─[fg:#D95A00]─[fg:#D95A00]─[fg:#D95A00]─[fg:#D95A00]─[fg:#D95A00]─[fg:#D95A00]─[fg:#D95A00]─[fg:#D95A00]─[fg:#D95A00]─[fg:#D95A00]─[fg:#D95A00]─[fg:#D95A00]─[fg:#D95A00]─[fg:#D95A00]─[fg:#D95A00]─[fg:#D95A00]─[fg:#D95A00]─[fg:#D95A00]─[fg:#D95A00]─[fg:#D95A00]─[fg:#D95A00]─[fg:#D95A00]─[fg:#D95A00]─[fg:#D95A00]─[fg:#D95A00]─[fg:#D95A00]─[fg:#D95A00]─[fg:#D95A00]─[fg:#D95A00]─[fg:#D95A00]─[fg:#D95A00]─[fg:#D95A00]─[fg:#D95A00]─[fg:#D95A00]─[fg:#D95A00]┘[fg:#D95A00]
j[fg:#85858A]/[fg:#85858A]k[fg:#85858A] [fg:#85858A]n[fg:#85858A]a[fg:#85858A]v[fg:#85858A]i[fg:#85858A]g[fg:#85858A]a[fg:#85858A]t[fg:#85858A]e[fg:#85858A] [fg:#85858A] [fg:#85858A]e[fg:#85858A]n[fg:#85858A]t[fg:#85858A]e[fg:#85858A]r[fg:#85858A] [fg:#85858A]s[fg:#85858A]e[fg:#85858A]l[fg:#85858A]e[fg:#85858A]c[fg:#85858A]t[fg:#85858A] [fg:#85858A] [fg:#85858A]e[fg:#85858A]s[fg:#85858A]c[fg:#85858A] [fg:#85858A]b[fg:#85858A]a[fg:#85858A]c[fg:#85858A]k[fg:#85858A] [fg:#85858A] [fg:#85858A]q[fg:#85858A] [fg:#85858A]q[fg:#85858A]u[fg:#85858A]i[fg:#85858A]t[fg:#85858A]               [[fg:#85858A]‡[fg:#85858A]][fg:#85858A] [fg:#85858A]a[fg:#85858A] [fg:#85858A]n[fg:#85858A] [fg:#85858A]v[fg:#85858A] [fg:#85858A]i[fg:#85858A] [fg:#85858A]l[fg:#85858A] [fg:#85858A] [fg:#85858A]v[fg:#85858A]X[fg:#85858A].[fg:#85858A]Y[fg:#85858A].[fg:#85858A]Z[fg:#85858A]
