---
source: crates/anvil-tui/src/surfaces/init/render.rs
expression: buffer_to_string(&buf)
---
Mode > Format > Directory > Checks > Summary                                    
                                                                                
                                                                                
┌ Summary ─────────────────────────────────────────────────────────────────────┐
│Mode:      Existing project                                                   │
│Format:    JSON (.anvil.json)                                                 │
│Directory: /home/user/project                                                 │
│Checks:    eslint, secret-scan                                                │
│                                                                              │
│Press enter to confirm and initialise the project                             │
│                                                                              │
│                                                                              │
│                                                                              │
│                                                                              │
│                                                                              │
│                                                                              │
│                                                                              │
│                                                                              │
│                                                                              │
└──────────────────────────────────────────────────────────────────────────────┘
