---
source: crates/anvil-tui/src/surfaces/init/render.rs
expression: buffer_to_string(&buf)
---
Mode > Format > Directory > Checks > Summary                                    
                                                                                
                                                                                
┌ Select Format ───────────────────────────────────────────────────────────────┐
│>> YAML (.anvil.yaml)                                                         │
│  JSON (.anvil.json)                                                          │
│  TOML (.anvil.toml)                                                          │
│                                                                              │
│                                                                              │
│                                                                              │
│                                                                              │
│                                                                              │
│                                                                              │
│                                                                              │
│                                                                              │
│                                                                              │
│                                                                              │
│                                                                              │
│                                                                              │
└──────────────────────────────────────────────────────────────────────────────┘
