---
source: crates/anvil-tui/src/surfaces/init/render.rs
expression: buffer_to_string(&buf)
---
Mode > Format > Directory > Checks > Summary                                    
                                                                                
                                                                                
┌ Select Mode ─────────────────────────────────────────────────────────────────┐
│>> New project  Create a new project with full Anvil configuration            │
│  Existing project  Add Anvil to an existing codebase                         │
│  Minimal setup  Bare-bones config with only essential checks                 │
│                                                                              │
│                                                                              │
│                                                                              │
│                                                                              │
│                                                                              │
│                                                                              │
│                                                                              │
│                                                                              │
│                                                                              │
│                                                                              │
│                                                                              │
│                                                                              │
└──────────────────────────────────────────────────────────────────────────────┘
