---
source: crates/anvil-tui/src/surfaces/onboarding/init_complete.rs
expression: "crate::test_utils::snapshot::buffer_to_string(&buf)"
---
[[fg:#CC5500,bold]‡[fg:#CC5500,bold]][fg:#CC5500,bold] a[fg:#CC5500,bold]n[fg:#CC5500,bold]v[fg:#CC5500,bold]i[fg:#CC5500,bold]l[fg:#CC5500,bold] [fg:#85858A]>[fg:#85858A] [fg:#85858A]S[fg:#EBEBEB]e[fg:#EBEBEB]t[fg:#EBEBEB]u[fg:#EBEBEB]p[fg:#EBEBEB]                                                               
                                                                                
  ┌[fg:#2E8B57] [fg:#2E8B57]a[fg:#2E8B57]n[fg:#2E8B57]v[fg:#2E8B57]i[fg:#2E8B57]l[fg:#2E8B57] [fg:#2E8B57]i[fg:#2E8B57]s[fg:#2E8B57] [fg:#2E8B57]r[fg:#2E8B57]e[fg:#2E8B57]a[fg:#2E8B57]d[fg:#2E8B57]y[fg:#2E8B57] [fg:#2E8B57]─[fg:#2E8B57]─[fg:#2E8B57]─[fg:#2E8B57]─[fg:#2E8B57]─[fg:#2E8B57]─[fg:#2E8B57]─[fg:#2E8B57]─[fg:#2E8B57]─[fg:#2E8B57]─[fg:#2E8B57]─[fg:#2E8B57]─[fg:#2E8B57]─[fg:#2E8B57]─[fg:#2E8B57]─[fg:#2E8B57]─[fg:#2E8B57]─[fg:#2E8B57]─[fg:#2E8B57]─[fg:#2E8B57]─[fg:#2E8B57]─[fg:#2E8B57]─[fg:#2E8B57]─[fg:#2E8B57]─[fg:#2E8B57]─[fg:#2E8B57]─[fg:#2E8B57]─[fg:#2E8B57]─[fg:#2E8B57]─[fg:#2E8B57]─[fg:#2E8B57]─[fg:#2E8B57]─[fg:#2E8B57]─[fg:#2E8B57]─[fg:#2E8B57]─[fg:#2E8B57]─[fg:#2E8B57]─[fg:#2E8B57]─[fg:#2E8B57]─[fg:#2E8B57]─[fg:#2E8B57]─[fg:#2E8B57]─[fg:#2E8B57]─[fg:#2E8B57]─[fg:#2E8B57]─[fg:#2E8B57]─[fg:#2E8B57]─[fg:#2E8B57]─[fg:#2E8B57]─[fg:#2E8B57]─[fg:#2E8B57]─[fg:#2E8B57]─[fg:#2E8B57]─[fg:#2E8B57]─[fg:#2E8B57]─[fg:#2E8B57]─[fg:#2E8B57]─[fg:#2E8B57]─[fg:#2E8B57]┐[fg:#2E8B57]  
  │[fg:#2E8B57]                                                                          │[fg:#2E8B57]  
  │[fg:#2E8B57]  ✓[fg:#2E8B57,bold] [fg:#2E8B57,bold] [fg:#2E8B57,bold]a[fg:#2E8B57,bold]n[fg:#2E8B57,bold]v[fg:#2E8B57,bold]i[fg:#2E8B57,bold]l[fg:#2E8B57,bold] [fg:#2E8B57,bold]i[fg:#2E8B57,bold]s[fg:#2E8B57,bold] [fg:#2E8B57,bold]r[fg:#2E8B57,bold]e[fg:#2E8B57,bold]a[fg:#2E8B57,bold]d[fg:#2E8B57,bold]y[fg:#2E8B57,bold]                                                       │[fg:#2E8B57]  
  │[fg:#2E8B57]                                                                          │[fg:#2E8B57]  
  │[fg:#2E8B57]  W[fg:#EBEBEB]e[fg:#EBEBEB] [fg:#EBEBEB]w[fg:#EBEBEB]r[fg:#EBEBEB]o[fg:#EBEBEB]t[fg:#EBEBEB]e[fg:#EBEBEB] [fg:#EBEBEB]t[fg:#EBEBEB]h[fg:#EBEBEB]e[fg:#EBEBEB]s[fg:#EBEBEB]e[fg:#EBEBEB] [fg:#EBEBEB]t[fg:#EBEBEB]o[fg:#EBEBEB] [fg:#EBEBEB]y[fg:#EBEBEB]o[fg:#EBEBEB]u[fg:#EBEBEB]r[fg:#EBEBEB] [fg:#EBEBEB]p[fg:#EBEBEB]r[fg:#EBEBEB]o[fg:#EBEBEB]j[fg:#EBEBEB]e[fg:#EBEBEB]c[fg:#EBEBEB]t[fg:#EBEBEB]:[fg:#EBEBEB]                                         │[fg:#2E8B57]  
  │[fg:#2E8B57]                                                                          │[fg:#2E8B57]  
  │[fg:#2E8B57]    .[fg:#CC5500,bold]a[fg:#CC5500,bold]n[fg:#CC5500,bold]v[fg:#CC5500,bold]i[fg:#CC5500,bold]l[fg:#CC5500,bold]r[fg:#CC5500,bold]c[fg:#CC5500,bold]       c[fg:#85858A]o[fg:#85858A]n[fg:#85858A]f[fg:#85858A]i[fg:#85858A]g[fg:#85858A]u[fg:#85858A]r[fg:#85858A]a[fg:#85858A]t[fg:#85858A]i[fg:#85858A]o[fg:#85858A]n[fg:#85858A]                                          │[fg:#2E8B57]  
  │[fg:#2E8B57]    p[fg:#CC5500,bold]l[fg:#CC5500,bold]a[fg:#CC5500,bold]n[fg:#CC5500,bold]s[fg:#CC5500,bold]/[fg:#CC5500,bold]         w[fg:#85858A]h[fg:#85858A]e[fg:#85858A]r[fg:#85858A]e[fg:#85858A] [fg:#85858A]y[fg:#85858A]o[fg:#85858A]u[fg:#85858A]r[fg:#85858A] [fg:#85858A]a[fg:#85858A]r[fg:#85858A]c[fg:#85858A]h[fg:#85858A]i[fg:#85858A]t[fg:#85858A]e[fg:#85858A]c[fg:#85858A]t[fg:#85858A]u[fg:#85858A]r[fg:#85858A]e[fg:#85858A] [fg:#85858A]p[fg:#85858A]l[fg:#85858A]a[fg:#85858A]n[fg:#85858A]s[fg:#85858A] [fg:#85858A]l[fg:#85858A]i[fg:#85858A]v[fg:#85858A]e[fg:#85858A]                     │[fg:#2E8B57]  
  │[fg:#2E8B57]    .[fg:#CC5500,bold]a[fg:#CC5500,bold]n[fg:#CC5500,bold]v[fg:#CC5500,bold]i[fg:#CC5500,bold]l[fg:#CC5500,bold]/[fg:#CC5500,bold]c[fg:#CC5500,bold]a[fg:#CC5500,bold]c[fg:#CC5500,bold]h[fg:#CC5500,bold]e[fg:#CC5500,bold]/[fg:#CC5500,bold]  l[fg:#85858A]o[fg:#85858A]c[fg:#85858A]a[fg:#85858A]l[fg:#85858A] [fg:#85858A]c[fg:#85858A]a[fg:#85858A]c[fg:#85858A]h[fg:#85858A]e[fg:#85858A] [fg:#85858A]([fg:#85858A]a[fg:#85858A]d[fg:#85858A]d[fg:#85858A]e[fg:#85858A]d[fg:#85858A] [fg:#85858A]t[fg:#85858A]o[fg:#85858A] [fg:#85858A].[fg:#85858A]g[fg:#85858A]i[fg:#85858A]t[fg:#85858A]i[fg:#85858A]g[fg:#85858A]n[fg:#85858A]o[fg:#85858A]r[fg:#85858A]e[fg:#85858A])[fg:#85858A]                      │[fg:#2E8B57]  
  │[fg:#2E8B57]                                                                          │[fg:#2E8B57]  
  │[fg:#2E8B57]  E[fg:#85858A]n[fg:#85858A]a[fg:#85858A]b[fg:#85858A]l[fg:#85858A]e[fg:#85858A]d[fg:#85858A] [fg:#85858A]c[fg:#85858A]h[fg:#85858A]e[fg:#85858A]c[fg:#85858A]k[fg:#85858A]s[fg:#85858A]:[fg:#85858A] [fg:#85858A]s[fg:#EBEBEB]e[fg:#EBEBEB]c[fg:#EBEBEB]r[fg:#EBEBEB]e[fg:#EBEBEB]t[fg:#EBEBEB]-[fg:#EBEBEB]s[fg:#EBEBEB]c[fg:#EBEBEB]a[fg:#EBEBEB]n[fg:#EBEBEB],[fg:#EBEBEB] [fg:#EBEBEB]a[fg:#EBEBEB]n[fg:#EBEBEB]t[fg:#EBEBEB]i[fg:#EBEBEB]-[fg:#EBEBEB]p[fg:#EBEBEB]a[fg:#EBEBEB]t[fg:#EBEBEB]t[fg:#EBEBEB]e[fg:#EBEBEB]r[fg:#EBEBEB]n[fg:#EBEBEB]                               │[fg:#2E8B57]  
  │[fg:#2E8B57]                                                                          │[fg:#2E8B57]  
  │[fg:#2E8B57]  N[fg:#EBEBEB]e[fg:#EBEBEB]x[fg:#EBEBEB]t[fg:#EBEBEB]:[fg:#EBEBEB] [fg:#EBEBEB]a[fg:#EBEBEB] [fg:#EBEBEB]q[fg:#EBEBEB]u[fg:#EBEBEB]i[fg:#EBEBEB]c[fg:#EBEBEB]k[fg:#EBEBEB] [fg:#EBEBEB]s[fg:#EBEBEB]c[fg:#EBEBEB]a[fg:#EBEBEB]n[fg:#EBEBEB] [fg:#EBEBEB]f[fg:#EBEBEB]o[fg:#EBEBEB]r[fg:#EBEBEB] [fg:#EBEBEB]i[fg:#EBEBEB]s[fg:#EBEBEB]s[fg:#EBEBEB]u[fg:#EBEBEB]e[fg:#EBEBEB]s[fg:#EBEBEB] [fg:#EBEBEB]i[fg:#EBEBEB]n[fg:#EBEBEB] [fg:#EBEBEB]y[fg:#EBEBEB]o[fg:#EBEBEB]u[fg:#EBEBEB]r[fg:#EBEBEB] [fg:#EBEBEB]c[fg:#EBEBEB]o[fg:#EBEBEB]d[fg:#EBEBEB]e[fg:#EBEBEB],[fg:#EBEBEB] [fg:#EBEBEB]t[fg:#EBEBEB]h[fg:#EBEBEB]e[fg:#EBEBEB]n[fg:#EBEBEB] [fg:#EBEBEB]a[fg:#EBEBEB] [fg:#EBEBEB]s[fg:#EBEBEB]h[fg:#EBEBEB]o[fg:#EBEBEB]r[fg:#EBEBEB]t[fg:#EBEBEB] [fg:#EBEBEB]t[fg:#EBEBEB]u[fg:#EBEBEB]t[fg:#EBEBEB]o[fg:#EBEBEB]r[fg:#EBEBEB]i[fg:#EBEBEB]a[fg:#EBEBEB]l[fg:#EBEBEB] [fg:#EBEBEB]o[fg:#EBEBEB]n[fg:#EBEBEB]    │[fg:#2E8B57]  
  │[fg:#2E8B57]  h[fg:#EBEBEB]o[fg:#EBEBEB]w[fg:#EBEBEB] [fg:#EBEBEB]a[fg:#EBEBEB]n[fg:#EBEBEB]v[fg:#EBEBEB]i[fg:#EBEBEB]l[fg:#EBEBEB] [fg:#EBEBEB]w[fg:#EBEBEB]o[fg:#EBEBEB]r[fg:#EBEBEB]k[fg:#EBEBEB]s[fg:#EBEBEB].[fg:#EBEBEB] [fg:#EBEBEB]T[fg:#EBEBEB]a[fg:#EBEBEB]k[fg:#EBEBEB]e[fg:#EBEBEB]s[fg:#EBEBEB] [fg:#EBEBEB]a[fg:#EBEBEB]b[fg:#EBEBEB]o[fg:#EBEBEB]u[fg:#EBEBEB]t[fg:#EBEBEB] [fg:#EBEBEB]5[fg:#EBEBEB] [fg:#EBEBEB]m[fg:#EBEBEB]i[fg:#EBEBEB]n[fg:#EBEBEB]u[fg:#EBEBEB]t[fg:#EBEBEB]e[fg:#EBEBEB]s[fg:#EBEBEB].[fg:#EBEBEB]                                 │[fg:#2E8B57]  
  │[fg:#2E8B57]                                                                          │[fg:#2E8B57]  
  │[fg:#2E8B57]  [[fg:#CC5500,bold]e[fg:#CC5500,bold]n[fg:#CC5500,bold]t[fg:#CC5500,bold]e[fg:#CC5500,bold]r[fg:#CC5500,bold]][fg:#CC5500,bold] [fg:#CC5500,bold]c[fg:#EBEBEB]o[fg:#EBEBEB]n[fg:#EBEBEB]t[fg:#EBEBEB]i[fg:#EBEBEB]n[fg:#EBEBEB]u[fg:#EBEBEB]e[fg:#EBEBEB] [fg:#EBEBEB] [fg:#EBEBEB] [fg:#EBEBEB] [fg:#EBEBEB][[fg:#CC5500,bold]q[fg:#CC5500,bold]][fg:#CC5500,bold] [fg:#CC5500,bold]q[fg:#EBEBEB]u[fg:#EBEBEB]i[fg:#EBEBEB]t[fg:#EBEBEB]                                            │[fg:#2E8B57]  
  │[fg:#2E8B57]                                                                          │[fg:#2E8B57]  
  │[fg:#2E8B57]                                                                          │[fg:#2E8B57]  
  │[fg:#2E8B57]                                                                          │[fg:#2E8B57]  
  │[fg:#2E8B57]                                                                          │[fg:#2E8B57]  
  └[fg:#2E8B57]─[fg:#2E8B57]─[fg:#2E8B57]─[fg:#2E8B57]─[fg:#2E8B57]─[fg:#2E8B57]─[fg:#2E8B57]─[fg:#2E8B57]─[fg:#2E8B57]─[fg:#2E8B57]─[fg:#2E8B57]─[fg:#2E8B57]─[fg:#2E8B57]─[fg:#2E8B57]─[fg:#2E8B57]─[fg:#2E8B57]─[fg:#2E8B57]─[fg:#2E8B57]─[fg:#2E8B57]─[fg:#2E8B57]─[fg:#2E8B57]─[fg:#2E8B57]─[fg:#2E8B57]─[fg:#2E8B57]─[fg:#2E8B57]─[fg:#2E8B57]─[fg:#2E8B57]─[fg:#2E8B57]─[fg:#2E8B57]─[fg:#2E8B57]─[fg:#2E8B57]─[fg:#2E8B57]─[fg:#2E8B57]─[fg:#2E8B57]─[fg:#2E8B57]─[fg:#2E8B57]─[fg:#2E8B57]─[fg:#2E8B57]─[fg:#2E8B57]─[fg:#2E8B57]─[fg:#2E8B57]─[fg:#2E8B57]─[fg:#2E8B57]─[fg:#2E8B57]─[fg:#2E8B57]─[fg:#2E8B57]─[fg:#2E8B57]─[fg:#2E8B57]─[fg:#2E8B57]─[fg:#2E8B57]─[fg:#2E8B57]─[fg:#2E8B57]─[fg:#2E8B57]─[fg:#2E8B57]─[fg:#2E8B57]─[fg:#2E8B57]─[fg:#2E8B57]─[fg:#2E8B57]─[fg:#2E8B57]─[fg:#2E8B57]─[fg:#2E8B57]─[fg:#2E8B57]─[fg:#2E8B57]─[fg:#2E8B57]─[fg:#2E8B57]─[fg:#2E8B57]─[fg:#2E8B57]─[fg:#2E8B57]─[fg:#2E8B57]─[fg:#2E8B57]─[fg:#2E8B57]─[fg:#2E8B57]─[fg:#2E8B57]─[fg:#2E8B57]─[fg:#2E8B57]┘[fg:#2E8B57]  
e[fg:#85858A]n[fg:#85858A]t[fg:#85858A]e[fg:#85858A]r[fg:#85858A] [fg:#85858A]c[fg:#85858A]o[fg:#85858A]n[fg:#85858A]t[fg:#85858A]i[fg:#85858A]n[fg:#85858A]u[fg:#85858A]e[fg:#85858A] [fg:#85858A] [fg:#85858A]q[fg:#85858A] [fg:#85858A]q[fg:#85858A]u[fg:#85858A]i[fg:#85858A]t[fg:#85858A]                                     [[fg:#85858A]‡[fg:#85858A]][fg:#85858A] [fg:#85858A]a[fg:#85858A] [fg:#85858A]n[fg:#85858A] [fg:#85858A]v[fg:#85858A] [fg:#85858A]i[fg:#85858A] [fg:#85858A]l[fg:#85858A] [fg:#85858A] [fg:#85858A]v[fg:#85858A]X[fg:#85858A].[fg:#85858A]Y[fg:#85858A].[fg:#85858A]Z[fg:#85858A]
