---
source: src/shell.rs
expression: buffer_to_string(&buf)
---
[[fg:#D95A00,bold]‡[fg:#D95A00,bold]][fg:#D95A00,bold] a[fg:#D95A00,bold]n[fg:#D95A00,bold]v[fg:#D95A00,bold]i[fg:#D95A00,bold]l[fg:#D95A00,bold] [fg:#85858A]>[fg:#85858A] [fg:#85858A]G[fg:#EBEBEB]a[fg:#EBEBEB]t[fg:#EBEBEB]e[fg:#EBEBEB]                                            
                                                            
                                                            
                                                            
                                                            
                                                            
                                                            
                                                            
                                                            
j[fg:#85858A]/[fg:#85858A]k[fg:#85858A] [fg:#85858A]n[fg:#85858A]a[fg:#85858A]v[fg:#85858A]i[fg:#85858A]g[fg:#85858A]a[fg:#85858A]t[fg:#85858A]e[fg:#85858A] [fg:#85858A] [fg:#85858A]e[fg:#85858A]n[fg:#85858A]t[fg:#85858A]e[fg:#85858A]r[fg:#85858A] [fg:#85858A]e[fg:#85858A]x[fg:#85858A]p[fg:#85858A]a[fg:#85858A]n[fg:#85858A]d[fg:#85858A] [fg:#85858A] [fg:#85858A]q[fg:#85858A] [fg:#85858A]q[fg:#85858A]u[fg:#85858A]  [[fg:#85858A]‡[fg:#85858A]][fg:#85858A] [fg:#85858A]a[fg:#85858A] [fg:#85858A]n[fg:#85858A] [fg:#85858A]v[fg:#85858A] [fg:#85858A]i[fg:#85858A] [fg:#85858A]l[fg:#85858A] [fg:#85858A] [fg:#85858A]v[fg:#85858A]0[fg:#85858A].[fg:#85858A]3[fg:#85858A].[fg:#85858A]0[fg:#85858A]-[fg:#85858A]b[fg:#85858A]e[fg:#85858A]t[fg:#85858A]a[fg:#85858A]
